<?xml version="1.0" encoding="ISO-8859-1" ?>
<link_info>
   <banner>TMS320C6x Linker PC v8.3.5</banner>
   <copyright>Copyright (c) 1996-2018 Texas Instruments Incorporated</copyright>
   <link_time>0x685b8345</link_time>
   <link_errors>0x0</link_errors>
   <output_file>BOOT_C6657.out</output_file>
   <entry_point>
      <name>_c_int00</name>
      <address>0xc058200</address>
   </entry_point>
   <input_file_list>
      <input_file id="fl-2">
         <path>.\</path>
         <kind>object</kind>
         <file>main.obj</file>
         <name>main.obj</name>
      </input_file>
      <input_file id="fl-8">
         <kind>object</kind>
         <file>&lt;internal&gt;</file>
         <name>&lt;internal&gt;</name>
      </input_file>
      <input_file id="fl-22">
         <path>C:\ti\ccs930\ccs\tools\compiler\ti-cgt-c6000_8.3.5\lib\</path>
         <kind>archive</kind>
         <file>rts6600_elf.lib</file>
         <name>printf.c.obj</name>
      </input_file>
      <input_file id="fl-23">
         <path>C:\ti\ccs930\ccs\tools\compiler\ti-cgt-c6000_8.3.5\lib\</path>
         <kind>archive</kind>
         <file>rts6600_elf.lib</file>
         <name>_printfi.c.obj</name>
      </input_file>
      <input_file id="fl-24">
         <path>C:\ti\ccs930\ccs\tools\compiler\ti-cgt-c6000_8.3.5\lib\</path>
         <kind>archive</kind>
         <file>rts6600_elf.lib</file>
         <name>snprintf.c.obj</name>
      </input_file>
      <input_file id="fl-25">
         <path>C:\ti\ccs930\ccs\tools\compiler\ti-cgt-c6000_8.3.5\lib\</path>
         <kind>archive</kind>
         <file>rts6600_elf.lib</file>
         <name>sprintf.c.obj</name>
      </input_file>
      <input_file id="fl-26">
         <path>C:\ti\ccs930\ccs\tools\compiler\ti-cgt-c6000_8.3.5\lib\</path>
         <kind>archive</kind>
         <file>rts6600_elf.lib</file>
         <name>fputc.c.obj</name>
      </input_file>
      <input_file id="fl-27">
         <path>C:\ti\ccs930\ccs\tools\compiler\ti-cgt-c6000_8.3.5\lib\</path>
         <kind>archive</kind>
         <file>rts6600_elf.lib</file>
         <name>fputs.c.obj</name>
      </input_file>
      <input_file id="fl-28">
         <path>C:\ti\ccs930\ccs\tools\compiler\ti-cgt-c6000_8.3.5\lib\</path>
         <kind>archive</kind>
         <file>rts6600_elf.lib</file>
         <name>_io_perm.c.obj</name>
      </input_file>
      <input_file id="fl-29">
         <path>C:\ti\ccs930\ccs\tools\compiler\ti-cgt-c6000_8.3.5\lib\</path>
         <kind>archive</kind>
         <file>rts6600_elf.lib</file>
         <name>setvbuf.c.obj</name>
      </input_file>
      <input_file id="fl-2a">
         <path>C:\ti\ccs930\ccs\tools\compiler\ti-cgt-c6000_8.3.5\lib\</path>
         <kind>archive</kind>
         <file>rts6600_elf.lib</file>
         <name>wcslen.c.obj</name>
      </input_file>
      <input_file id="fl-2b">
         <path>C:\ti\ccs930\ccs\tools\compiler\ti-cgt-c6000_8.3.5\lib\</path>
         <kind>archive</kind>
         <file>rts6600_elf.lib</file>
         <name>push.asm.obj</name>
      </input_file>
      <input_file id="fl-2c">
         <path>C:\ti\ccs930\ccs\tools\compiler\ti-cgt-c6000_8.3.5\lib\</path>
         <kind>archive</kind>
         <file>rts6600_elf.lib</file>
         <name>divu.asm.obj</name>
      </input_file>
      <input_file id="fl-2d">
         <path>C:\ti\ccs930\ccs\tools\compiler\ti-cgt-c6000_8.3.5\lib\</path>
         <kind>archive</kind>
         <file>rts6600_elf.lib</file>
         <name>memcpy64.asm.obj</name>
      </input_file>
      <input_file id="fl-2e">
         <path>C:\ti\ccs930\ccs\tools\compiler\ti-cgt-c6000_8.3.5\lib\</path>
         <kind>archive</kind>
         <file>rts6600_elf.lib</file>
         <name>boot.c.obj</name>
      </input_file>
      <input_file id="fl-2f">
         <path>C:\ti\ccs930\ccs\tools\compiler\ti-cgt-c6000_8.3.5\lib\</path>
         <kind>archive</kind>
         <file>rts6600_elf.lib</file>
         <name>imath40.c.obj</name>
      </input_file>
      <input_file id="fl-30">
         <path>C:\ti\ccs930\ccs\tools\compiler\ti-cgt-c6000_8.3.5\lib\</path>
         <kind>archive</kind>
         <file>rts6600_elf.lib</file>
         <name>imath64.c.obj</name>
      </input_file>
      <input_file id="fl-31">
         <path>C:\ti\ccs930\ccs\tools\compiler\ti-cgt-c6000_8.3.5\lib\</path>
         <kind>archive</kind>
         <file>rts6600_elf.lib</file>
         <name>llshift.c.obj</name>
      </input_file>
      <input_file id="fl-32">
         <path>C:\ti\ccs930\ccs\tools\compiler\ti-cgt-c6000_8.3.5\lib\</path>
         <kind>archive</kind>
         <file>rts6600_elf.lib</file>
         <name>memset.c.obj</name>
      </input_file>
      <input_file id="fl-33">
         <path>C:\ti\ccs930\ccs\tools\compiler\ti-cgt-c6000_8.3.5\lib\</path>
         <kind>archive</kind>
         <file>rts6600_elf.lib</file>
         <name>autoinit.c.obj</name>
      </input_file>
      <input_file id="fl-34">
         <path>C:\ti\ccs930\ccs\tools\compiler\ti-cgt-c6000_8.3.5\lib\</path>
         <kind>archive</kind>
         <file>rts6600_elf.lib</file>
         <name>pre_init.c.obj</name>
      </input_file>
      <input_file id="fl-35">
         <path>C:\ti\ccs930\ccs\tools\compiler\ti-cgt-c6000_8.3.5\lib\</path>
         <kind>archive</kind>
         <file>rts6600_elf.lib</file>
         <name>startup.c.obj</name>
      </input_file>
      <input_file id="fl-36">
         <path>C:\ti\ccs930\ccs\tools\compiler\ti-cgt-c6000_8.3.5\lib\</path>
         <kind>archive</kind>
         <file>rts6600_elf.lib</file>
         <name>cpy_tbl.c.obj</name>
      </input_file>
      <input_file id="fl-37">
         <path>C:\ti\ccs930\ccs\tools\compiler\ti-cgt-c6000_8.3.5\lib\</path>
         <kind>archive</kind>
         <file>rts6600_elf.lib</file>
         <name>copy_zero_init.c.obj</name>
      </input_file>
      <input_file id="fl-38">
         <path>C:\ti\ccs930\ccs\tools\compiler\ti-cgt-c6000_8.3.5\lib\</path>
         <kind>archive</kind>
         <file>rts6600_elf.lib</file>
         <name>copy_decompress_none.c.obj</name>
      </input_file>
      <input_file id="fl-39">
         <path>C:\ti\ccs930\ccs\tools\compiler\ti-cgt-c6000_8.3.5\lib\</path>
         <kind>archive</kind>
         <file>rts6600_elf.lib</file>
         <name>copy_decompress_rle.c.obj</name>
      </input_file>
      <input_file id="fl-3a">
         <path>C:\ti\ccs930\ccs\tools\compiler\ti-cgt-c6000_8.3.5\lib\</path>
         <kind>archive</kind>
         <file>rts6600_elf.lib</file>
         <name>frexp.c.obj</name>
      </input_file>
      <input_file id="fl-3b">
         <path>C:\ti\ccs930\ccs\tools\compiler\ti-cgt-c6000_8.3.5\lib\</path>
         <kind>archive</kind>
         <file>rts6600_elf.lib</file>
         <name>isinf.c.obj</name>
      </input_file>
      <input_file id="fl-3c">
         <path>C:\ti\ccs930\ccs\tools\compiler\ti-cgt-c6000_8.3.5\lib\</path>
         <kind>archive</kind>
         <file>rts6600_elf.lib</file>
         <name>ldexp.c.obj</name>
      </input_file>
      <input_file id="fl-3d">
         <path>C:\ti\ccs930\ccs\tools\compiler\ti-cgt-c6000_8.3.5\lib\</path>
         <kind>archive</kind>
         <file>rts6600_elf.lib</file>
         <name>signbit.c.obj</name>
      </input_file>
      <input_file id="fl-3e">
         <path>C:\ti\ccs930\ccs\tools\compiler\ti-cgt-c6000_8.3.5\lib\</path>
         <kind>archive</kind>
         <file>rts6600_elf.lib</file>
         <name>divd.c.obj</name>
      </input_file>
      <input_file id="fl-3f">
         <path>C:\ti\ccs930\ccs\tools\compiler\ti-cgt-c6000_8.3.5\lib\</path>
         <kind>archive</kind>
         <file>rts6600_elf.lib</file>
         <name>frcmpyd_div.c.obj</name>
      </input_file>
      <input_file id="fl-40">
         <path>C:\ti\ccs930\ccs\tools\compiler\ti-cgt-c6000_8.3.5\lib\</path>
         <kind>archive</kind>
         <file>rts6600_elf.lib</file>
         <name>exit.c.obj</name>
      </input_file>
      <input_file id="fl-41">
         <path>C:\ti\ccs930\ccs\tools\compiler\ti-cgt-c6000_8.3.5\lib\</path>
         <kind>archive</kind>
         <file>rts6600_elf.lib</file>
         <name>memory.c.obj</name>
      </input_file>
      <input_file id="fl-42">
         <path>C:\ti\ccs930\ccs\tools\compiler\ti-cgt-c6000_8.3.5\lib\</path>
         <kind>archive</kind>
         <file>rts6600_elf.lib</file>
         <name>_lock.c.obj</name>
      </input_file>
      <input_file id="fl-43">
         <path>C:\ti\ccs930\ccs\tools\compiler\ti-cgt-c6000_8.3.5\lib\</path>
         <kind>archive</kind>
         <file>rts6600_elf.lib</file>
         <name>_ltoa.c.obj</name>
      </input_file>
      <input_file id="fl-44">
         <path>C:\ti\ccs930\ccs\tools\compiler\ti-cgt-c6000_8.3.5\lib\</path>
         <kind>archive</kind>
         <file>rts6600_elf.lib</file>
         <name>args_main.c.obj</name>
      </input_file>
      <input_file id="fl-45">
         <path>C:\ti\ccs930\ccs\tools\compiler\ti-cgt-c6000_8.3.5\lib\</path>
         <kind>archive</kind>
         <file>rts6600_elf.lib</file>
         <name>atoi.c.obj</name>
      </input_file>
      <input_file id="fl-46">
         <path>C:\ti\ccs930\ccs\tools\compiler\ti-cgt-c6000_8.3.5\lib\</path>
         <kind>archive</kind>
         <file>rts6600_elf.lib</file>
         <name>ctype.c.obj</name>
      </input_file>
      <input_file id="fl-47">
         <path>C:\ti\ccs930\ccs\tools\compiler\ti-cgt-c6000_8.3.5\lib\</path>
         <kind>archive</kind>
         <file>rts6600_elf.lib</file>
         <name>defs.c.obj</name>
      </input_file>
      <input_file id="fl-48">
         <path>C:\ti\ccs930\ccs\tools\compiler\ti-cgt-c6000_8.3.5\lib\</path>
         <kind>archive</kind>
         <file>rts6600_elf.lib</file>
         <name>memccpy.c.obj</name>
      </input_file>
      <input_file id="fl-49">
         <path>C:\ti\ccs930\ccs\tools\compiler\ti-cgt-c6000_8.3.5\lib\</path>
         <kind>archive</kind>
         <file>rts6600_elf.lib</file>
         <name>strlen.c.obj</name>
      </input_file>
      <input_file id="fl-4a">
         <path>C:\ti\ccs930\ccs\tools\compiler\ti-cgt-c6000_8.3.5\lib\</path>
         <kind>archive</kind>
         <file>rts6600_elf.lib</file>
         <name>write.c.obj</name>
      </input_file>
      <input_file id="fl-4b">
         <path>C:\ti\ccs930\ccs\tools\compiler\ti-cgt-c6000_8.3.5\lib\</path>
         <kind>archive</kind>
         <file>rts6600_elf.lib</file>
         <name>tls.c.obj</name>
      </input_file>
      <input_file id="fl-4c">
         <path>C:\ti\ccs930\ccs\tools\compiler\ti-cgt-c6000_8.3.5\lib\</path>
         <kind>archive</kind>
         <file>rts6600_elf.lib</file>
         <name>errno.c.obj</name>
      </input_file>
      <input_file id="fl-4d">
         <path>C:\ti\ccs930\ccs\tools\compiler\ti-cgt-c6000_8.3.5\lib\</path>
         <kind>archive</kind>
         <file>rts6600_elf.lib</file>
         <name>llabs.c.obj</name>
      </input_file>
      <input_file id="fl-4e">
         <path>C:\ti\ccs930\ccs\tools\compiler\ti-cgt-c6000_8.3.5\lib\</path>
         <kind>archive</kind>
         <file>rts6600_elf.lib</file>
         <name>fflush.c.obj</name>
      </input_file>
      <input_file id="fl-4f">
         <path>C:\ti\ccs930\ccs\tools\compiler\ti-cgt-c6000_8.3.5\lib\</path>
         <kind>archive</kind>
         <file>rts6600_elf.lib</file>
         <name>fopen.c.obj</name>
      </input_file>
      <input_file id="fl-50">
         <path>C:\ti\ccs930\ccs\tools\compiler\ti-cgt-c6000_8.3.5\lib\</path>
         <kind>archive</kind>
         <file>rts6600_elf.lib</file>
         <name>fseek.c.obj</name>
      </input_file>
      <input_file id="fl-51">
         <path>C:\ti\ccs930\ccs\tools\compiler\ti-cgt-c6000_8.3.5\lib\</path>
         <kind>archive</kind>
         <file>rts6600_elf.lib</file>
         <name>tls_get_tp.asm.obj</name>
      </input_file>
      <input_file id="fl-52">
         <path>C:\ti\ccs930\ccs\tools\compiler\ti-cgt-c6000_8.3.5\lib\</path>
         <kind>archive</kind>
         <file>rts6600_elf.lib</file>
         <name>lseek.c.obj</name>
      </input_file>
      <input_file id="fl-53">
         <path>C:\ti\ccs930\ccs\tools\compiler\ti-cgt-c6000_8.3.5\lib\</path>
         <kind>archive</kind>
         <file>rts6600_elf.lib</file>
         <name>open.c.obj</name>
      </input_file>
      <input_file id="fl-54">
         <path>C:\ti\ccs930\ccs\tools\compiler\ti-cgt-c6000_8.3.5\lib\</path>
         <kind>archive</kind>
         <file>rts6600_elf.lib</file>
         <name>hostclose.c.obj</name>
      </input_file>
      <input_file id="fl-55">
         <path>C:\ti\ccs930\ccs\tools\compiler\ti-cgt-c6000_8.3.5\lib\</path>
         <kind>archive</kind>
         <file>rts6600_elf.lib</file>
         <name>hostlseek.c.obj</name>
      </input_file>
      <input_file id="fl-56">
         <path>C:\ti\ccs930\ccs\tools\compiler\ti-cgt-c6000_8.3.5\lib\</path>
         <kind>archive</kind>
         <file>rts6600_elf.lib</file>
         <name>hostopen.c.obj</name>
      </input_file>
      <input_file id="fl-57">
         <path>C:\ti\ccs930\ccs\tools\compiler\ti-cgt-c6000_8.3.5\lib\</path>
         <kind>archive</kind>
         <file>rts6600_elf.lib</file>
         <name>hostread.c.obj</name>
      </input_file>
      <input_file id="fl-58">
         <path>C:\ti\ccs930\ccs\tools\compiler\ti-cgt-c6000_8.3.5\lib\</path>
         <kind>archive</kind>
         <file>rts6600_elf.lib</file>
         <name>hostrename.c.obj</name>
      </input_file>
      <input_file id="fl-59">
         <path>C:\ti\ccs930\ccs\tools\compiler\ti-cgt-c6000_8.3.5\lib\</path>
         <kind>archive</kind>
         <file>rts6600_elf.lib</file>
         <name>hostunlink.c.obj</name>
      </input_file>
      <input_file id="fl-5a">
         <path>C:\ti\ccs930\ccs\tools\compiler\ti-cgt-c6000_8.3.5\lib\</path>
         <kind>archive</kind>
         <file>rts6600_elf.lib</file>
         <name>hostwrite.c.obj</name>
      </input_file>
      <input_file id="fl-5b">
         <path>C:\ti\ccs930\ccs\tools\compiler\ti-cgt-c6000_8.3.5\lib\</path>
         <kind>archive</kind>
         <file>rts6600_elf.lib</file>
         <name>trgmsg.c.obj</name>
      </input_file>
      <input_file id="fl-5c">
         <path>C:\ti\ccs930\ccs\tools\compiler\ti-cgt-c6000_8.3.5\lib\</path>
         <kind>archive</kind>
         <file>rts6600_elf.lib</file>
         <name>fclose.c.obj</name>
      </input_file>
      <input_file id="fl-5d">
         <path>C:\ti\ccs930\ccs\tools\compiler\ti-cgt-c6000_8.3.5\lib\</path>
         <kind>archive</kind>
         <file>rts6600_elf.lib</file>
         <name>getdevice.c.obj</name>
      </input_file>
      <input_file id="fl-5e">
         <path>C:\ti\ccs930\ccs\tools\compiler\ti-cgt-c6000_8.3.5\lib\</path>
         <kind>archive</kind>
         <file>rts6600_elf.lib</file>
         <name>close.c.obj</name>
      </input_file>
      <input_file id="fl-5f">
         <path>C:\ti\ccs930\ccs\tools\compiler\ti-cgt-c6000_8.3.5\lib\</path>
         <kind>archive</kind>
         <file>rts6600_elf.lib</file>
         <name>remove.c.obj</name>
      </input_file>
      <input_file id="fl-60">
         <path>C:\ti\ccs930\ccs\tools\compiler\ti-cgt-c6000_8.3.5\lib\</path>
         <kind>archive</kind>
         <file>rts6600_elf.lib</file>
         <name>unlink.c.obj</name>
      </input_file>
      <input_file id="fl-61">
         <path>C:\ti\pdk_c665x_2_0_16\packages\ti\platform\evmc6657l\platform_lib\lib\debug\</path>
         <kind>archive</kind>
         <file>ti.platform.evm6657l.lite.lib</file>
         <name>platform.lite.oe66</name>
      </input_file>
      <input_file id="fl-62">
         <path>C:\ti\pdk_c665x_2_0_16\packages\ti\platform\evmc6657l\platform_lib\lib\debug\</path>
         <kind>archive</kind>
         <file>ti.platform.evm6657l.lite.lib</file>
         <name>evm665x_i2c.lite.oe66</name>
      </input_file>
      <input_file id="fl-63">
         <path>C:\ti\pdk_c665x_2_0_16\packages\ti\platform\evmc6657l\platform_lib\lib\debug\</path>
         <kind>archive</kind>
         <file>ti.platform.evm6657l.lite.lib</file>
         <name>evmc665x_nand.lite.oe66</name>
      </input_file>
      <input_file id="fl-64">
         <path>C:\ti\pdk_c665x_2_0_16\packages\ti\platform\evmc6657l\platform_lib\lib\debug\</path>
         <kind>archive</kind>
         <file>ti.platform.evm6657l.lite.lib</file>
         <name>evmc6657.lite.oe66</name>
      </input_file>
      <input_file id="fl-65">
         <path>C:\ti\pdk_c665x_2_0_16\packages\ti\platform\evmc6657l\platform_lib\lib\debug\</path>
         <kind>archive</kind>
         <file>ti.platform.evm6657l.lite.lib</file>
         <name>evmc665x_phy.lite.oe66</name>
      </input_file>
      <input_file id="fl-66">
         <path>C:\ti\pdk_c665x_2_0_16\packages\ti\platform\evmc6657l\platform_lib\lib\debug\</path>
         <kind>archive</kind>
         <file>ti.platform.evm6657l.lite.lib</file>
         <name>evmc665x_fpga.lite.oe66</name>
      </input_file>
      <input_file id="fl-67">
         <path>C:\ti\pdk_c665x_2_0_16\packages\ti\platform\evmc6657l\platform_lib\lib\debug\</path>
         <kind>archive</kind>
         <file>ti.platform.evm6657l.lite.lib</file>
         <name>evmc665x_i2c_eeprom.lite.oe66</name>
      </input_file>
      <input_file id="fl-68">
         <path>C:\ti\pdk_c665x_2_0_16\packages\ti\platform\evmc6657l\platform_lib\lib\debug\</path>
         <kind>archive</kind>
         <file>ti.platform.evm6657l.lite.lib</file>
         <name>evmc665x_nor.lite.oe66</name>
      </input_file>
      <input_file id="fl-69">
         <path>C:\ti\pdk_c665x_2_0_16\packages\ti\platform\evmc6657l\platform_lib\lib\debug\</path>
         <kind>archive</kind>
         <file>ti.platform.evm6657l.lite.lib</file>
         <name>evmc665x_spi.lite.oe66</name>
      </input_file>
      <input_file id="fl-6a">
         <path>C:\ti\pdk_c665x_2_0_16\packages\ti\platform\evmc6657l\platform_lib\lib\debug\</path>
         <kind>archive</kind>
         <file>ti.platform.evm6657l.lite.lib</file>
         <name>evmc665x_uart.lite.oe66</name>
      </input_file>
      <input_file id="fl-6b">
         <path>C:\ti\ccs930\ccs\tools\compiler\ti-cgt-c6000_8.3.5\lib\</path>
         <kind>archive</kind>
         <file>rts6600_elf.lib</file>
         <name>remu.asm.obj</name>
      </input_file>
      <input_file id="fl-6c">
         <path>C:\ti\ccs930\ccs\tools\compiler\ti-cgt-c6000_8.3.5\lib\</path>
         <kind>archive</kind>
         <file>rts6600_elf.lib</file>
         <name>strncpy.c.obj</name>
      </input_file>
   </input_file_list>
   <object_component_list>
      <object_component id="oc-1c1">
         <name>.text:__TI_printfi</name>
         <load_address>0xc051000</load_address>
         <run_address>0xc051000</run_address>
         <size>0x1fe0</size>
         <input_file_ref idref="fl-23"/>
      </object_component>
      <object_component id="oc-91">
         <name>.text</name>
         <load_address>0xc052fe0</load_address>
         <run_address>0xc052fe0</run_address>
         <size>0x780</size>
         <input_file_ref idref="fl-2"/>
      </object_component>
      <object_component id="oc-2a1">
         <name>.text:_pconv_a</name>
         <load_address>0xc053760</load_address>
         <run_address>0xc053760</run_address>
         <size>0x640</size>
         <input_file_ref idref="fl-23"/>
      </object_component>
      <object_component id="oc-32e">
         <name>.text:__c6xabi_divd</name>
         <load_address>0xc053da0</load_address>
         <run_address>0xc053da0</run_address>
         <size>0x600</size>
         <input_file_ref idref="fl-3e"/>
      </object_component>
      <object_component id="oc-28f">
         <name>.text:_pconv_g</name>
         <load_address>0xc0543a0</load_address>
         <run_address>0xc0543a0</run_address>
         <size>0x440</size>
         <input_file_ref idref="fl-23"/>
      </object_component>
      <object_component id="oc-1e4">
         <name>.text:UartInit</name>
         <load_address>0xc0547e0</load_address>
         <run_address>0xc0547e0</run_address>
         <size>0x3e0</size>
         <input_file_ref idref="fl-6a"/>
      </object_component>
      <object_component id="oc-f8">
         <name>.text:free</name>
         <load_address>0xc054bc0</load_address>
         <run_address>0xc054bc0</run_address>
         <size>0x3c0</size>
         <input_file_ref idref="fl-41"/>
      </object_component>
      <object_component id="oc-2de">
         <name>.text:fputs</name>
         <load_address>0xc054f80</load_address>
         <run_address>0xc054f80</run_address>
         <size>0x2e0</size>
         <input_file_ref idref="fl-27"/>
      </object_component>
      <object_component id="oc-347">
         <name>.text:fcvt</name>
         <load_address>0xc055260</load_address>
         <run_address>0xc055260</run_address>
         <size>0x2c0</size>
         <input_file_ref idref="fl-23"/>
      </object_component>
      <object_component id="oc-29b">
         <name>.text:_pconv_e</name>
         <load_address>0xc055520</load_address>
         <run_address>0xc055520</run_address>
         <size>0x2a0</size>
         <input_file_ref idref="fl-23"/>
      </object_component>
      <object_component id="oc-31e">
         <name>.text:__c6xabi_divull</name>
         <load_address>0xc0557c0</load_address>
         <run_address>0xc0557c0</run_address>
         <size>0x240</size>
         <input_file_ref idref="fl-30"/>
      </object_component>
      <object_component id="oc-324">
         <name>.text:__c6xabi_divul</name>
         <load_address>0xc055a00</load_address>
         <run_address>0xc055a00</run_address>
         <size>0x1c0</size>
         <input_file_ref idref="fl-2f"/>
      </object_component>
      <object_component id="oc-277">
         <name>.text:_ltostr</name>
         <load_address>0xc055bc0</load_address>
         <run_address>0xc055bc0</run_address>
         <size>0x1c0</size>
         <input_file_ref idref="fl-23"/>
      </object_component>
      <object_component id="oc-2d7">
         <name>.text:fputc</name>
         <load_address>0xc055d80</load_address>
         <run_address>0xc055d80</run_address>
         <size>0x1c0</size>
         <input_file_ref idref="fl-26"/>
      </object_component>
      <object_component id="oc-355">
         <name>.text:ldexp</name>
         <load_address>0xc055f40</load_address>
         <run_address>0xc055f40</run_address>
         <size>0x1c0</size>
         <input_file_ref idref="fl-3c"/>
      </object_component>
      <object_component id="oc-f2">
         <name>.text:malloc</name>
         <load_address>0xc056100</load_address>
         <run_address>0xc056100</run_address>
         <size>0x1c0</size>
         <input_file_ref idref="fl-41"/>
      </object_component>
      <object_component id="oc-438">
         <name>.text:setvbuf</name>
         <load_address>0xc0562c0</load_address>
         <run_address>0xc0562c0</run_address>
         <size>0x1c0</size>
         <input_file_ref idref="fl-29"/>
      </object_component>
      <object_component id="oc-4e4">
         <name>.text:HOSTrename</name>
         <load_address>0xc056480</load_address>
         <run_address>0xc056480</run_address>
         <size>0x1a0</size>
         <input_file_ref idref="fl-58"/>
      </object_component>
      <object_component id="oc-34f">
         <name>.text:frexp</name>
         <load_address>0xc056620</load_address>
         <run_address>0xc056620</run_address>
         <size>0x1a0</size>
         <input_file_ref idref="fl-3a"/>
      </object_component>
      <object_component id="oc-295">
         <name>.text:_pconv_f</name>
         <load_address>0xc0567c0</load_address>
         <run_address>0xc0567c0</run_address>
         <size>0x120</size>
         <input_file_ref idref="fl-23"/>
      </object_component>
      <object_component id="oc-51d">
         <name>.text:getdevice</name>
         <load_address>0xc0568e0</load_address>
         <run_address>0xc0568e0</run_address>
         <size>0x120</size>
         <input_file_ref idref="fl-5d"/>
      </object_component>
      <object_component id="oc-4b7">
         <name>.text:__TI_closefile</name>
         <load_address>0xc056a00</load_address>
         <run_address>0xc056a00</run_address>
         <size>0x100</size>
         <input_file_ref idref="fl-5c"/>
      </object_component>
      <object_component id="oc-3e">
         <name>.text:__TI_decompress_rle_core</name>
         <load_address>0xc056b00</load_address>
         <run_address>0xc056b00</run_address>
         <size>0x100</size>
         <input_file_ref idref="fl-39"/>
      </object_component>
      <object_component id="oc-340">
         <name>.text:_mcpy</name>
         <load_address>0xc056c00</load_address>
         <run_address>0xc056c00</run_address>
         <size>0x100</size>
         <input_file_ref idref="fl-23"/>
      </object_component>
      <object_component id="oc-271">
         <name>.text:atoi</name>
         <load_address>0xc056d00</load_address>
         <run_address>0xc056d00</run_address>
         <size>0x100</size>
         <input_file_ref idref="fl-45"/>
      </object_component>
      <object_component id="oc-432">
         <name>.text:fseek</name>
         <load_address>0xc056e00</load_address>
         <run_address>0xc056e00</run_address>
         <size>0x100</size>
         <input_file_ref idref="fl-50"/>
      </object_component>
      <object_component id="oc-4d8">
         <name>.text:HOSTlseek</name>
         <load_address>0xc056f00</load_address>
         <run_address>0xc056f00</run_address>
         <size>0xe0</size>
         <input_file_ref idref="fl-55"/>
      </object_component>
      <object_component id="oc-4c0">
         <name>.text:HOSTopen</name>
         <load_address>0xc056fe0</load_address>
         <run_address>0xc056fe0</run_address>
         <size>0xe0</size>
         <input_file_ref idref="fl-56"/>
      </object_component>
      <object_component id="oc-4d2">
         <name>.text:HOSTwrite</name>
         <load_address>0xc0570c0</load_address>
         <run_address>0xc0570c0</run_address>
         <size>0xe0</size>
         <input_file_ref idref="fl-5a"/>
      </object_component>
      <object_component id="oc-334">
         <name>.text:__TI_ltoa</name>
         <load_address>0xc0571a0</load_address>
         <run_address>0xc0571a0</run_address>
         <size>0xe0</size>
         <input_file_ref idref="fl-43"/>
      </object_component>
      <object_component id="oc-379">
         <name>.text:__TI_wrt_ok</name>
         <load_address>0xc057280</load_address>
         <run_address>0xc057280</run_address>
         <size>0xe0</size>
         <input_file_ref idref="fl-28"/>
      </object_component>
      <object_component id="oc-4f0">
         <name>.text:close</name>
         <load_address>0xc057360</load_address>
         <run_address>0xc057360</run_address>
         <size>0xe0</size>
         <input_file_ref idref="fl-5e"/>
      </object_component>
      <object_component id="oc-5c">
         <name>.text:exit</name>
         <load_address>0xc057440</load_address>
         <run_address>0xc057440</run_address>
         <size>0xe0</size>
         <input_file_ref idref="fl-40"/>
      </object_component>
      <object_component id="oc-7d">
         <name>.text:memset</name>
         <load_address>0xc057520</load_address>
         <run_address>0xc057520</run_address>
         <size>0xe0</size>
         <input_file_ref idref="fl-32"/>
      </object_component>
      <object_component id="oc-116">
         <name>.text:printf</name>
         <load_address>0xc057600</load_address>
         <run_address>0xc057600</run_address>
         <size>0xe0</size>
         <input_file_ref idref="fl-22"/>
      </object_component>
      <object_component id="oc-4cc">
         <name>.text:HOSTread</name>
         <load_address>0xc0576e0</load_address>
         <run_address>0xc0576e0</run_address>
         <size>0xc0</size>
         <input_file_ref idref="fl-57"/>
      </object_component>
      <object_component id="oc-4de">
         <name>.text:HOSTunlink</name>
         <load_address>0xc0577a0</load_address>
         <run_address>0xc0577a0</run_address>
         <size>0xc0</size>
         <input_file_ref idref="fl-59"/>
      </object_component>
      <object_component id="oc-a5">
         <name>.text:__TI_auto_init_nobinit_nopinit:__TI_auto_init_nobinit_nopinit</name>
         <load_address>0xc057860</load_address>
         <run_address>0xc057860</run_address>
         <size>0xc0</size>
         <input_file_ref idref="fl-33"/>
      </object_component>
      <object_component id="oc-37f">
         <name>.text:__TI_doflush</name>
         <load_address>0xc057920</load_address>
         <run_address>0xc057920</run_address>
         <size>0xc0</size>
         <input_file_ref idref="fl-4e"/>
      </object_component>
      <object_component id="oc-1eb">
         <name>.text:__divu</name>
         <load_address>0xc0579e0</load_address>
         <run_address>0xc0579e0</run_address>
         <size>0xc0</size>
         <input_file_ref idref="fl-2c"/>
      </object_component>
      <object_component id="oc-198">
         <name>.text:minsert</name>
         <load_address>0xc057aa0</load_address>
         <run_address>0xc057aa0</run_address>
         <size>0xc0</size>
         <input_file_ref idref="fl-41"/>
      </object_component>
      <object_component id="oc-192">
         <name>.text:mremove</name>
         <load_address>0xc057b60</load_address>
         <run_address>0xc057b60</run_address>
         <size>0xc0</size>
         <input_file_ref idref="fl-41"/>
      </object_component>
      <object_component id="oc-16b">
         <name>.text:tls:init:__TI_tls_init</name>
         <load_address>0xc057c20</load_address>
         <run_address>0xc057c20</run_address>
         <size>0xc0</size>
         <input_file_ref idref="fl-4b"/>
      </object_component>
      <object_component id="oc-4c6">
         <name>.text:HOSTclose</name>
         <load_address>0xc057ce0</load_address>
         <run_address>0xc057ce0</run_address>
         <size>0xa0</size>
         <input_file_ref idref="fl-54"/>
      </object_component>
      <object_component id="oc-47d">
         <name>.text:__TI_cleanup</name>
         <load_address>0xc057d80</load_address>
         <run_address>0xc057d80</run_address>
         <size>0xa0</size>
         <input_file_ref idref="fl-4f"/>
      </object_component>
      <object_component id="oc-33a">
         <name>.text:_ecpy</name>
         <load_address>0xc057e20</load_address>
         <run_address>0xc057e20</run_address>
         <size>0xa0</size>
         <input_file_ref idref="fl-23"/>
      </object_component>
      <object_component id="oc-53d">
         <name>.text:finddevice</name>
         <load_address>0xc057ec0</load_address>
         <run_address>0xc057ec0</run_address>
         <size>0xa0</size>
         <input_file_ref idref="fl-5d"/>
      </object_component>
      <object_component id="oc-32">
         <name>.text:memcpy</name>
         <load_address>0xc057f60</load_address>
         <run_address>0xc057f60</run_address>
         <size>0xa0</size>
         <input_file_ref idref="fl-2d"/>
      </object_component>
      <object_component id="oc-1f0">
         <name>.text:UartSetBaudRate</name>
         <load_address>0xc058000</load_address>
         <run_address>0xc058000</run_address>
         <size>0x80</size>
         <input_file_ref idref="fl-6a"/>
      </object_component>
      <object_component id="oc-1a2">
         <name>.text:UartWriteData</name>
         <load_address>0xc058080</load_address>
         <run_address>0xc058080</run_address>
         <size>0x80</size>
         <input_file_ref idref="fl-6a"/>
      </object_component>
      <object_component id="oc-508">
         <name>.text:__TI_readmsg</name>
         <load_address>0xc058100</load_address>
         <run_address>0xc058100</run_address>
         <size>0x80</size>
         <input_file_ref idref="fl-5b"/>
      </object_component>
      <object_component id="oc-3f0">
         <name>.text:__c6xabi_llshl</name>
         <load_address>0xc058180</load_address>
         <run_address>0xc058180</run_address>
         <size>0x80</size>
         <input_file_ref idref="fl-31"/>
      </object_component>
      <object_component id="oc-25">
         <name>.text:_c_int00</name>
         <load_address>0xc058200</load_address>
         <run_address>0xc058200</run_address>
         <size>0x80</size>
         <input_file_ref idref="fl-2e"/>
      </object_component>
      <object_component id="oc-1bb">
         <name>.text:_outs</name>
         <load_address>0xc058280</load_address>
         <run_address>0xc058280</run_address>
         <size>0x80</size>
         <input_file_ref idref="fl-24"/>
      </object_component>
      <object_component id="oc-12e">
         <name>.text:platform_delay</name>
         <load_address>0xc058300</load_address>
         <run_address>0xc058300</run_address>
         <size>0x80</size>
         <input_file_ref idref="fl-61"/>
      </object_component>
      <object_component id="oc-110">
         <name>.text:snprintf</name>
         <load_address>0xc058380</load_address>
         <run_address>0xc058380</run_address>
         <size>0x80</size>
         <input_file_ref idref="fl-24"/>
      </object_component>
      <object_component id="oc-4f6">
         <name>.text:unlink</name>
         <load_address>0xc058400</load_address>
         <run_address>0xc058400</run_address>
         <size>0x80</size>
         <input_file_ref idref="fl-60"/>
      </object_component>
      <object_component id="oc-406">
         <name>.text:__TI_frcmpyd_div</name>
         <load_address>0xc058480</load_address>
         <run_address>0xc058480</run_address>
         <size>0x60</size>
         <input_file_ref idref="fl-3f"/>
      </object_component>
      <object_component id="oc-502">
         <name>.text:__TI_writemsg</name>
         <load_address>0xc0584e0</load_address>
         <run_address>0xc0584e0</run_address>
         <size>0x60</size>
         <input_file_ref idref="fl-5b"/>
      </object_component>
      <object_component id="oc-3fc">
         <name>.text:__c6xabi_llshru</name>
         <load_address>0xc058540</load_address>
         <run_address>0xc058540</run_address>
         <size>0x60</size>
         <input_file_ref idref="fl-31"/>
      </object_component>
      <object_component id="oc-3f6">
         <name>.text:_subcull</name>
         <load_address>0xc0585a0</load_address>
         <run_address>0xc0585a0</run_address>
         <size>0x60</size>
         <input_file_ref idref="fl-30"/>
      </object_component>
      <object_component id="oc-475">
         <name>.text:lseek</name>
         <load_address>0xc058600</load_address>
         <run_address>0xc058600</run_address>
         <size>0x60</size>
         <input_file_ref idref="fl-52"/>
      </object_component>
      <object_component id="oc-2a7">
         <name>.text:memccpy</name>
         <load_address>0xc058660</load_address>
         <run_address>0xc058660</run_address>
         <size>0x60</size>
         <input_file_ref idref="fl-48"/>
      </object_component>
      <object_component id="oc-25d">
         <name>.text:platform_delaycycles</name>
         <load_address>0xc0586c0</load_address>
         <run_address>0xc0586c0</run_address>
         <size>0x60</size>
         <input_file_ref idref="fl-61"/>
      </object_component>
      <object_component id="oc-128">
         <name>.text:sprintf</name>
         <load_address>0xc058720</load_address>
         <run_address>0xc058720</run_address>
         <size>0x60</size>
         <input_file_ref idref="fl-25"/>
      </object_component>
      <object_component id="oc-385">
         <name>.text:write</name>
         <load_address>0xc058780</load_address>
         <run_address>0xc058780</run_address>
         <size>0x60</size>
         <input_file_ref idref="fl-4a"/>
      </object_component>
      <object_component id="oc-283">
         <name>.text:__c6xabi_isinf</name>
         <load_address>0xc0587e0</load_address>
         <run_address>0xc0587e0</run_address>
         <size>0x40</size>
         <input_file_ref idref="fl-3b"/>
      </object_component>
      <object_component id="oc-27d">
         <name>.text:__c6xabi_isnan</name>
         <load_address>0xc058820</load_address>
         <run_address>0xc058820</run_address>
         <size>0x40</size>
         <input_file_ref idref="fl-23"/>
      </object_component>
      <object_component id="oc-56">
         <name>.text:_args_main</name>
         <load_address>0xc058860</load_address>
         <run_address>0xc058860</run_address>
         <size>0x40</size>
         <input_file_ref idref="fl-44"/>
      </object_component>
      <object_component id="oc-1b5">
         <name>.text:_outc</name>
         <load_address>0xc0588a0</load_address>
         <run_address>0xc0588a0</run_address>
         <size>0x40</size>
         <input_file_ref idref="fl-24"/>
      </object_component>
      <object_component id="oc-1fd">
         <name>.text:_outs</name>
         <load_address>0xc0588e0</load_address>
         <run_address>0xc0588e0</run_address>
         <size>0x40</size>
         <input_file_ref idref="fl-25"/>
      </object_component>
      <object_component id="oc-122">
         <name>.text:platform_uart_set_baudrate</name>
         <load_address>0xc058920</load_address>
         <run_address>0xc058920</run_address>
         <size>0x40</size>
         <input_file_ref idref="fl-61"/>
      </object_component>
      <object_component id="oc-fe">
         <name>.text:strlen</name>
         <load_address>0xc058960</load_address>
         <run_address>0xc058960</run_address>
         <size>0x40</size>
         <input_file_ref idref="fl-49"/>
      </object_component>
      <object_component id="oc-2ad">
         <name>.text:wcslen</name>
         <load_address>0xc0589a0</load_address>
         <run_address>0xc0589a0</run_address>
         <size>0x40</size>
         <input_file_ref idref="fl-2a"/>
      </object_component>
      <object_component id="oc-1ae">
         <name>.text:CSL_chipReadDNUM</name>
         <load_address>0xc0589e0</load_address>
         <run_address>0xc0589e0</run_address>
         <size>0x20</size>
         <input_file_ref idref="fl-61"/>
      </object_component>
      <object_component id="oc-208">
         <name>.text:CSL_chipReadTSCL</name>
         <load_address>0xc058a00</load_address>
         <run_address>0xc058a00</run_address>
         <size>0x20</size>
         <input_file_ref idref="fl-61"/>
      </object_component>
      <object_component id="oc-2b3">
         <name>.text:__c6xabi_errno_addr</name>
         <load_address>0xc058a20</load_address>
         <run_address>0xc058a20</run_address>
         <size>0x20</size>
         <input_file_ref idref="fl-4c"/>
      </object_component>
      <object_component id="oc-2b9">
         <name>.text:__pop_rts</name>
         <load_address>0xc058a40</load_address>
         <run_address>0xc058a40</run_address>
         <size>0x20</size>
         <input_file_ref idref="fl-2b"/>
      </object_component>
      <object_component id="oc-26c">
         <name>.text:__push_rts</name>
         <load_address>0xc058a60</load_address>
         <run_address>0xc058a60</run_address>
         <size>0x20</size>
         <input_file_ref idref="fl-2b"/>
      </object_component>
      <object_component id="oc-24c">
         <name>.text:_nop</name>
         <load_address>0xc058a80</load_address>
         <run_address>0xc058a80</run_address>
         <size>0x20</size>
         <input_file_ref idref="fl-42"/>
      </object_component>
      <object_component id="oc-1d6">
         <name>.text:_outc</name>
         <load_address>0xc058aa0</load_address>
         <run_address>0xc058aa0</run_address>
         <size>0x20</size>
         <input_file_ref idref="fl-22"/>
      </object_component>
      <object_component id="oc-1f7">
         <name>.text:_outc</name>
         <load_address>0xc058ac0</load_address>
         <run_address>0xc058ac0</run_address>
         <size>0x20</size>
         <input_file_ref idref="fl-25"/>
      </object_component>
      <object_component id="oc-1dc">
         <name>.text:_outs</name>
         <load_address>0xc058ae0</load_address>
         <run_address>0xc058ae0</run_address>
         <size>0x20</size>
         <input_file_ref idref="fl-22"/>
      </object_component>
      <object_component id="oc-289">
         <name>.text:_signbit</name>
         <load_address>0xc058b00</load_address>
         <run_address>0xc058b00</run_address>
         <size>0x20</size>
         <input_file_ref idref="fl-3d"/>
      </object_component>
      <object_component id="oc-165">
         <name>.text:_system_post_cinit</name>
         <load_address>0xc058b20</load_address>
         <run_address>0xc058b20</run_address>
         <size>0x20</size>
         <input_file_ref idref="fl-35"/>
      </object_component>
      <object_component id="oc-62">
         <name>.text:_system_pre_init</name>
         <load_address>0xc058b40</load_address>
         <run_address>0xc058b40</run_address>
         <size>0x20</size>
         <input_file_ref idref="fl-34"/>
      </object_component>
      <object_component id="oc-9c">
         <name>.text:abort</name>
         <load_address>0xc058b60</load_address>
         <run_address>0xc058b60</run_address>
         <size>0x20</size>
         <input_file_ref idref="fl-40"/>
      </object_component>
      <object_component id="oc-18">
         <name>.text:decompress:none:__TI_decompress_none</name>
         <load_address>0xc058b80</load_address>
         <run_address>0xc058b80</run_address>
         <size>0x20</size>
         <input_file_ref idref="fl-38"/>
      </object_component>
      <object_component id="oc-1e">
         <name>.text:decompress:rle24:__TI_decompress_rle24</name>
         <load_address>0xc058ba0</load_address>
         <run_address>0xc058ba0</run_address>
         <size>0x20</size>
         <input_file_ref idref="fl-39"/>
      </object_component>
      <object_component id="oc-10a">
         <name>.text:platform_get_coreid</name>
         <load_address>0xc058bc0</load_address>
         <run_address>0xc058bc0</run_address>
         <size>0x20</size>
         <input_file_ref idref="fl-61"/>
      </object_component>
      <object_component id="oc-13b">
         <name>.text:platform_get_emac_start_evt_id</name>
         <load_address>0xc058be0</load_address>
         <run_address>0xc058be0</run_address>
         <size>0x20</size>
         <input_file_ref idref="fl-61"/>
      </object_component>
      <object_component id="oc-11c">
         <name>.text:platform_uart_init</name>
         <load_address>0xc058c00</load_address>
         <run_address>0xc058c00</run_address>
         <size>0x20</size>
         <input_file_ref idref="fl-61"/>
      </object_component>
      <object_component id="oc-104">
         <name>.text:platform_uart_write</name>
         <load_address>0xc058c20</load_address>
         <run_address>0xc058c20</run_address>
         <size>0x20</size>
         <input_file_ref idref="fl-61"/>
      </object_component>
      <object_component id="oc-2c">
         <name>.stack</name>
         <uninitialized>true</uninitialized>
         <run_address>0xc041000</run_address>
         <size>0x8</size>
         <input_file_ref idref="fl-2e"/>
      </object_component>
      <object_component id="oc-585">
         <name>.stack</name>
         <uninitialized>true</uninitialized>
         <run_address>0xc041000</run_address>
         <size>0x0</size>
      </object_component>
      <object_component id="oc-141">
         <name>.common:err</name>
         <uninitialized>true</uninitialized>
         <run_address>0xc059460</run_address>
         <size>0x4</size>
      </object_component>
      <object_component id="oc-144">
         <name>.common:coreNum</name>
         <uninitialized>true</uninitialized>
         <run_address>0xc05945c</run_address>
         <size>0x4</size>
      </object_component>
      <object_component id="oc-148">
         <name>.common:core</name>
         <uninitialized>true</uninitialized>
         <run_address>0xc059458</run_address>
         <size>0x4</size>
      </object_component>
      <object_component id="oc-319">
         <name>.const:.string:_ctypes_</name>
         <load_address>0xc058f68</load_address>
         <run_address>0xc058f68</run_address>
         <size>0x101</size>
         <input_file_ref idref="fl-46"/>
      </object_component>
      <object_component id="oc-137">
         <name>.const:.string</name>
         <load_address>0xc05906c</load_address>
         <run_address>0xc05906c</run_address>
         <size>0xfc</size>
         <input_file_ref idref="fl-2"/>
      </object_component>
      <object_component id="oc-138">
         <name>.const:.string:$P$T0$1</name>
         <load_address>0xc059168</load_address>
         <run_address>0xc059168</run_address>
         <size>0x26</size>
         <input_file_ref idref="fl-2"/>
      </object_component>
      <object_component id="oc-2be">
         <name>.const:.string</name>
         <load_address>0xc059190</load_address>
         <run_address>0xc059190</run_address>
         <size>0x24</size>
         <input_file_ref idref="fl-23"/>
      </object_component>
      <object_component id="oc-584">
         <name>.cinit.platform_lib.load</name>
         <load_address>0xc059470</load_address>
         <run_address>0xc059470</run_address>
         <size>0x96</size>
      </object_component>
      <object_component id="oc-581">
         <name>.cinit..fardata.load</name>
         <load_address>0xc059506</load_address>
         <run_address>0xc059506</run_address>
         <size>0x7a</size>
      </object_component>
      <object_component id="oc-583">
         <name>.cinit..neardata.load</name>
         <load_address>0xc059580</load_address>
         <run_address>0xc059580</run_address>
         <size>0xd</size>
      </object_component>
      <object_component id="oc-582">
         <name>.cinit..far.load</name>
         <load_address>0xc05958d</load_address>
         <run_address>0xc05958d</run_address>
         <size>0xb</size>
      </object_component>
      <object_component id="oc-580">
         <name>.cinit..bss.load</name>
         <load_address>0xc059598</load_address>
         <run_address>0xc059598</run_address>
         <size>0x9</size>
      </object_component>
      <object_component id="oc-57e">
         <name>__TI_handler_table</name>
         <load_address>0xc0595a4</load_address>
         <run_address>0xc0595a4</run_address>
         <size>0x8</size>
      </object_component>
      <object_component id="oc-57f">
         <name>__TI_cinit_table</name>
         <load_address>0xc0595b0</load_address>
         <run_address>0xc0595b0</run_address>
         <size>0x28</size>
      </object_component>
      <object_component id="oc-145">
         <name>.fardata:version</name>
         <load_address>0xc058f48</load_address>
         <run_address>0xc058f48</run_address>
         <size>0xc</size>
         <input_file_ref idref="fl-2"/>
      </object_component>
      <object_component id="oc-99">
         <name>.fardata</name>
         <load_address>0xc058f38</load_address>
         <run_address>0xc058f38</run_address>
         <size>0xc</size>
         <input_file_ref idref="fl-40"/>
      </object_component>
      <object_component id="oc-18c">
         <name>.fardata</name>
         <load_address>0xc058f54</load_address>
         <run_address>0xc058f54</run_address>
         <size>0x8</size>
         <input_file_ref idref="fl-41"/>
      </object_component>
      <object_component id="oc-189">
         <name>.fardata:_lock</name>
         <load_address>0xc058f44</load_address>
         <run_address>0xc058f44</run_address>
         <size>0x4</size>
         <input_file_ref idref="fl-42"/>
      </object_component>
      <object_component id="oc-18f">
         <name>.fardata:_unlock</name>
         <load_address>0xc058f5c</load_address>
         <run_address>0xc058f5c</run_address>
         <size>0x4</size>
         <input_file_ref idref="fl-42"/>
      </object_component>
      <object_component id="oc-1d3">
         <name>.fardata:_ftable</name>
         <load_address>0xc058c40</load_address>
         <run_address>0xc058c40</run_address>
         <size>0x1e0</size>
         <input_file_ref idref="fl-47"/>
      </object_component>
      <object_component id="oc-4b4">
         <name>.fardata</name>
         <load_address>0xc058f60</load_address>
         <run_address>0xc058f60</run_address>
         <size>0x4</size>
         <input_file_ref idref="fl-47"/>
      </object_component>
      <object_component id="oc-48e">
         <name>.fardata:_device</name>
         <load_address>0xc058ec0</load_address>
         <run_address>0xc058ec0</run_address>
         <size>0x78</size>
         <input_file_ref idref="fl-4a"/>
      </object_component>
      <object_component id="oc-442">
         <name>.fardata:_stream</name>
         <load_address>0xc058e20</load_address>
         <run_address>0xc058e20</run_address>
         <size>0xa0</size>
         <input_file_ref idref="fl-4a"/>
      </object_component>
      <object_component id="oc-365">
         <name>.fardata</name>
         <load_address>0xc058f64</load_address>
         <run_address>0xc058f64</run_address>
         <size>0x4</size>
         <input_file_ref idref="fl-4c"/>
      </object_component>
      <object_component id="oc-4fc">
         <name>.common:__TI_tmpnams</name>
         <uninitialized>true</uninitialized>
         <run_address>0xc0591b8</run_address>
         <size>0x140</size>
      </object_component>
      <object_component id="oc-4ff">
         <name>.common:parmbuf</name>
         <uninitialized>true</uninitialized>
         <run_address>0xc0592f8</run_address>
         <size>0x8</size>
      </object_component>
      <object_component id="oc-134">
         <name>.neardata</name>
         <load_address>0xc059464</load_address>
         <run_address>0xc059464</run_address>
         <size>0x8</size>
         <input_file_ref idref="fl-2"/>
      </object_component>
      <object_component id="oc-2bf">
         <name>.switch:__TI_printfi</name>
         <load_address>0xc059420</load_address>
         <run_address>0xc059420</run_address>
         <size>0x38</size>
         <input_file_ref idref="fl-23"/>
      </object_component>
      <object_component id="oc-2f">
         <name>.sysmem</name>
         <uninitialized>true</uninitialized>
         <run_address>0xc001000</run_address>
         <size>0x8</size>
         <input_file_ref idref="fl-41"/>
      </object_component>
      <object_component id="oc-586">
         <name>.sysmem</name>
         <uninitialized>true</uninitialized>
         <run_address>0xc001000</run_address>
         <size>0x0</size>
      </object_component>
      <object_component id="oc-529">
         <name>.cio</name>
         <uninitialized>true</uninitialized>
         <run_address>0xc059300</run_address>
         <size>0x120</size>
         <input_file_ref idref="fl-5b"/>
      </object_component>
      <object_component id="oc-142">
         <name>.debug_info</name>
         <load_address>0x0</load_address>
         <run_address>0x0</run_address>
         <size>0xb22</size>
         <input_file_ref idref="fl-2"/>
      </object_component>
      <object_component id="oc-146">
         <name>.debug_info</name>
         <load_address>0xb22</load_address>
         <run_address>0xb22</run_address>
         <size>0xc9</size>
         <input_file_ref idref="fl-2"/>
      </object_component>
      <object_component id="oc-135">
         <name>.debug_info</name>
         <load_address>0xbeb</load_address>
         <run_address>0xbeb</run_address>
         <size>0xe2</size>
         <input_file_ref idref="fl-2"/>
      </object_component>
      <object_component id="oc-139">
         <name>.debug_info</name>
         <load_address>0xccd</load_address>
         <run_address>0xccd</run_address>
         <size>0xc8</size>
         <input_file_ref idref="fl-2"/>
      </object_component>
      <object_component id="oc-92">
         <name>.debug_info</name>
         <load_address>0xd95</load_address>
         <run_address>0xd95</run_address>
         <size>0xeb8</size>
         <input_file_ref idref="fl-2"/>
      </object_component>
      <object_component id="oc-220">
         <name>.debug_info</name>
         <load_address>0x1c4d</load_address>
         <run_address>0x1c4d</run_address>
         <size>0x604</size>
         <input_file_ref idref="fl-2"/>
      </object_component>
      <object_component id="oc-216">
         <name>.debug_info</name>
         <load_address>0x2251</load_address>
         <run_address>0x2251</run_address>
         <size>0x73</size>
         <input_file_ref idref="fl-2"/>
      </object_component>
      <object_component id="oc-21b">
         <name>.debug_info</name>
         <load_address>0x22c4</load_address>
         <run_address>0x22c4</run_address>
         <size>0x206</size>
         <input_file_ref idref="fl-2"/>
      </object_component>
      <object_component id="oc-22a">
         <name>.debug_info</name>
         <load_address>0x24ca</load_address>
         <run_address>0x24ca</run_address>
         <size>0x110</size>
         <input_file_ref idref="fl-2"/>
      </object_component>
      <object_component id="oc-225">
         <name>.debug_info</name>
         <load_address>0x25da</load_address>
         <run_address>0x25da</run_address>
         <size>0x26b</size>
         <input_file_ref idref="fl-2"/>
      </object_component>
      <object_component id="oc-78">
         <name>.debug_info</name>
         <load_address>0x2845</load_address>
         <run_address>0x2845</run_address>
         <size>0xc0</size>
         <input_file_ref idref="fl-2"/>
      </object_component>
      <object_component id="oc-14f">
         <name>.debug_info</name>
         <load_address>0x2905</load_address>
         <run_address>0x2905</run_address>
         <size>0x116</size>
         <input_file_ref idref="fl-2"/>
      </object_component>
      <object_component id="oc-231">
         <name>.debug_info</name>
         <load_address>0x2a1b</load_address>
         <run_address>0x2a1b</run_address>
         <size>0x275</size>
         <input_file_ref idref="fl-2"/>
      </object_component>
      <object_component id="oc-14a">
         <name>.debug_info</name>
         <load_address>0x2c90</load_address>
         <run_address>0x2c90</run_address>
         <size>0xbb</size>
         <input_file_ref idref="fl-2"/>
      </object_component>
      <object_component id="oc-154">
         <name>.debug_info</name>
         <load_address>0x2d4b</load_address>
         <run_address>0x2d4b</run_address>
         <size>0x46</size>
         <input_file_ref idref="fl-2"/>
      </object_component>
      <object_component id="oc-2c2">
         <name>.debug_info</name>
         <load_address>0x2d91</load_address>
         <run_address>0x2d91</run_address>
         <size>0x2c</size>
         <input_file_ref idref="fl-2"/>
      </object_component>
      <object_component id="oc-1e3">
         <name>.debug_info</name>
         <load_address>0x2dbd</load_address>
         <run_address>0x2dbd</run_address>
         <size>0x6af</size>
         <input_file_ref idref="fl-22"/>
      </object_component>
      <object_component id="oc-1d9">
         <name>.debug_info</name>
         <load_address>0x346c</load_address>
         <run_address>0x346c</run_address>
         <size>0x151</size>
         <input_file_ref idref="fl-22"/>
      </object_component>
      <object_component id="oc-1df">
         <name>.debug_info</name>
         <load_address>0x35bd</load_address>
         <run_address>0x35bd</run_address>
         <size>0x160</size>
         <input_file_ref idref="fl-22"/>
      </object_component>
      <object_component id="oc-118">
         <name>.debug_info</name>
         <load_address>0x371d</load_address>
         <run_address>0x371d</run_address>
         <size>0x198</size>
         <input_file_ref idref="fl-22"/>
      </object_component>
      <object_component id="oc-2e7">
         <name>.debug_info</name>
         <load_address>0x38b5</load_address>
         <run_address>0x38b5</run_address>
         <size>0xb2</size>
         <input_file_ref idref="fl-22"/>
      </object_component>
      <object_component id="oc-2c1">
         <name>.debug_info</name>
         <load_address>0x3967</load_address>
         <run_address>0x3967</run_address>
         <size>0x80d</size>
         <input_file_ref idref="fl-23"/>
      </object_component>
      <object_component id="oc-278">
         <name>.debug_info</name>
         <load_address>0x4174</load_address>
         <run_address>0x4174</run_address>
         <size>0x25b</size>
         <input_file_ref idref="fl-23"/>
      </object_component>
      <object_component id="oc-27e">
         <name>.debug_info</name>
         <load_address>0x43cf</load_address>
         <run_address>0x43cf</run_address>
         <size>0x221</size>
         <input_file_ref idref="fl-23"/>
      </object_component>
      <object_component id="oc-33c">
         <name>.debug_info</name>
         <load_address>0x45f0</load_address>
         <run_address>0x45f0</run_address>
         <size>0x1a8</size>
         <input_file_ref idref="fl-23"/>
      </object_component>
      <object_component id="oc-342">
         <name>.debug_info</name>
         <load_address>0x4798</load_address>
         <run_address>0x4798</run_address>
         <size>0x219</size>
         <input_file_ref idref="fl-23"/>
      </object_component>
      <object_component id="oc-291">
         <name>.debug_info</name>
         <load_address>0x49b1</load_address>
         <run_address>0x49b1</run_address>
         <size>0x2fd</size>
         <input_file_ref idref="fl-23"/>
      </object_component>
      <object_component id="oc-349">
         <name>.debug_info</name>
         <load_address>0x4cae</load_address>
         <run_address>0x4cae</run_address>
         <size>0x25a</size>
         <input_file_ref idref="fl-23"/>
      </object_component>
      <object_component id="oc-297">
         <name>.debug_info</name>
         <load_address>0x4f08</load_address>
         <run_address>0x4f08</run_address>
         <size>0x280</size>
         <input_file_ref idref="fl-23"/>
      </object_component>
      <object_component id="oc-29d">
         <name>.debug_info</name>
         <load_address>0x5188</load_address>
         <run_address>0x5188</run_address>
         <size>0x2eb</size>
         <input_file_ref idref="fl-23"/>
      </object_component>
      <object_component id="oc-2a3">
         <name>.debug_info</name>
         <load_address>0x5473</load_address>
         <run_address>0x5473</run_address>
         <size>0x4c0</size>
         <input_file_ref idref="fl-23"/>
      </object_component>
      <object_component id="oc-1c3">
         <name>.debug_info</name>
         <load_address>0x5933</load_address>
         <run_address>0x5933</run_address>
         <size>0x6ad</size>
         <input_file_ref idref="fl-23"/>
      </object_component>
      <object_component id="oc-2c7">
         <name>.debug_info</name>
         <load_address>0x5fe0</load_address>
         <run_address>0x5fe0</run_address>
         <size>0x86</size>
         <input_file_ref idref="fl-23"/>
      </object_component>
      <object_component id="oc-36d">
         <name>.debug_info</name>
         <load_address>0x6066</load_address>
         <run_address>0x6066</run_address>
         <size>0x39</size>
         <input_file_ref idref="fl-23"/>
      </object_component>
      <object_component id="oc-42d">
         <name>.debug_info</name>
         <load_address>0x609f</load_address>
         <run_address>0x609f</run_address>
         <size>0x94</size>
         <input_file_ref idref="fl-23"/>
      </object_component>
      <object_component id="oc-372">
         <name>.debug_info</name>
         <load_address>0x6133</load_address>
         <run_address>0x6133</run_address>
         <size>0x46</size>
         <input_file_ref idref="fl-23"/>
      </object_component>
      <object_component id="oc-2cc">
         <name>.debug_info</name>
         <load_address>0x6179</load_address>
         <run_address>0x6179</run_address>
         <size>0x46</size>
         <input_file_ref idref="fl-23"/>
      </object_component>
      <object_component id="oc-1c9">
         <name>.debug_info</name>
         <load_address>0x61bf</load_address>
         <run_address>0x61bf</run_address>
         <size>0x2c</size>
         <input_file_ref idref="fl-23"/>
      </object_component>
      <object_component id="oc-1c8">
         <name>.debug_info</name>
         <load_address>0x61eb</load_address>
         <run_address>0x61eb</run_address>
         <size>0x608</size>
         <input_file_ref idref="fl-24"/>
      </object_component>
      <object_component id="oc-114">
         <name>.debug_info</name>
         <load_address>0x67f3</load_address>
         <run_address>0x67f3</run_address>
         <size>0x1d4</size>
         <input_file_ref idref="fl-24"/>
      </object_component>
      <object_component id="oc-1bf">
         <name>.debug_info</name>
         <load_address>0x69c7</load_address>
         <run_address>0x69c7</run_address>
         <size>0x1b4</size>
         <input_file_ref idref="fl-24"/>
      </object_component>
      <object_component id="oc-1b9">
         <name>.debug_info</name>
         <load_address>0x6b7b</load_address>
         <run_address>0x6b7b</run_address>
         <size>0x16b</size>
         <input_file_ref idref="fl-24"/>
      </object_component>
      <object_component id="oc-1ce">
         <name>.debug_info</name>
         <load_address>0x6ce6</load_address>
         <run_address>0x6ce6</run_address>
         <size>0x69</size>
         <input_file_ref idref="fl-24"/>
      </object_component>
      <object_component id="oc-204">
         <name>.debug_info</name>
         <load_address>0x6d4f</load_address>
         <run_address>0x6d4f</run_address>
         <size>0x5fc</size>
         <input_file_ref idref="fl-25"/>
      </object_component>
      <object_component id="oc-129">
         <name>.debug_info</name>
         <load_address>0x734b</load_address>
         <run_address>0x734b</run_address>
         <size>0x1b7</size>
         <input_file_ref idref="fl-25"/>
      </object_component>
      <object_component id="oc-1fe">
         <name>.debug_info</name>
         <load_address>0x7502</load_address>
         <run_address>0x7502</run_address>
         <size>0x18d</size>
         <input_file_ref idref="fl-25"/>
      </object_component>
      <object_component id="oc-1f8">
         <name>.debug_info</name>
         <load_address>0x768f</load_address>
         <run_address>0x768f</run_address>
         <size>0x162</size>
         <input_file_ref idref="fl-25"/>
      </object_component>
      <object_component id="oc-38c">
         <name>.debug_info</name>
         <load_address>0x77f1</load_address>
         <run_address>0x77f1</run_address>
         <size>0x64d</size>
         <input_file_ref idref="fl-26"/>
      </object_component>
      <object_component id="oc-2d8">
         <name>.debug_info</name>
         <load_address>0x7e3e</load_address>
         <run_address>0x7e3e</run_address>
         <size>0x212</size>
         <input_file_ref idref="fl-26"/>
      </object_component>
      <object_component id="oc-38e">
         <name>.debug_info</name>
         <load_address>0x8050</load_address>
         <run_address>0x8050</run_address>
         <size>0x65e</size>
         <input_file_ref idref="fl-27"/>
      </object_component>
      <object_component id="oc-2df">
         <name>.debug_info</name>
         <load_address>0x86ae</load_address>
         <run_address>0x86ae</run_address>
         <size>0x325</size>
         <input_file_ref idref="fl-27"/>
      </object_component>
      <object_component id="oc-e5">
         <name>.debug_info</name>
         <load_address>0x89d3</load_address>
         <run_address>0x89d3</run_address>
         <size>0x2c</size>
         <input_file_ref idref="fl-27"/>
      </object_component>
      <object_component id="oc-43f">
         <name>.debug_info</name>
         <load_address>0x89ff</load_address>
         <run_address>0x89ff</run_address>
         <size>0x5c9</size>
         <input_file_ref idref="fl-28"/>
      </object_component>
      <object_component id="oc-37b">
         <name>.debug_info</name>
         <load_address>0x8fc8</load_address>
         <run_address>0x8fc8</run_address>
         <size>0x18b</size>
         <input_file_ref idref="fl-28"/>
      </object_component>
      <object_component id="oc-485">
         <name>.debug_info</name>
         <load_address>0x9153</load_address>
         <run_address>0x9153</run_address>
         <size>0xbf</size>
         <input_file_ref idref="fl-28"/>
      </object_component>
      <object_component id="oc-484">
         <name>.debug_info</name>
         <load_address>0x9212</load_address>
         <run_address>0x9212</run_address>
         <size>0x633</size>
         <input_file_ref idref="fl-29"/>
      </object_component>
      <object_component id="oc-439">
         <name>.debug_info</name>
         <load_address>0x9845</load_address>
         <run_address>0x9845</run_address>
         <size>0x22b</size>
         <input_file_ref idref="fl-29"/>
      </object_component>
      <object_component id="oc-364">
         <name>.debug_info</name>
         <load_address>0x9a70</load_address>
         <run_address>0x9a70</run_address>
         <size>0x558</size>
         <input_file_ref idref="fl-2a"/>
      </object_component>
      <object_component id="oc-2af">
         <name>.debug_info</name>
         <load_address>0x9fc8</load_address>
         <run_address>0x9fc8</run_address>
         <size>0x14f</size>
         <input_file_ref idref="fl-2a"/>
      </object_component>
      <object_component id="oc-422">
         <name>.debug_info</name>
         <load_address>0xa117</load_address>
         <run_address>0xa117</run_address>
         <size>0x46</size>
         <input_file_ref idref="fl-2a"/>
      </object_component>
      <object_component id="oc-35f">
         <name>.debug_info</name>
         <load_address>0xa15d</load_address>
         <run_address>0xa15d</run_address>
         <size>0x39</size>
         <input_file_ref idref="fl-2a"/>
      </object_component>
      <object_component id="oc-26e">
         <name>.debug_info</name>
         <load_address>0xa196</load_address>
         <run_address>0xa196</run_address>
         <size>0x10e</size>
         <input_file_ref idref="fl-2b"/>
      </object_component>
      <object_component id="oc-2bb">
         <name>.debug_info</name>
         <load_address>0xa2a4</load_address>
         <run_address>0xa2a4</run_address>
         <size>0x10c</size>
         <input_file_ref idref="fl-2b"/>
      </object_component>
      <object_component id="oc-1ec">
         <name>.debug_info</name>
         <load_address>0xa3b0</load_address>
         <run_address>0xa3b0</run_address>
         <size>0x114</size>
         <input_file_ref idref="fl-2c"/>
      </object_component>
      <object_component id="oc-34">
         <name>.debug_info</name>
         <load_address>0xa4c4</load_address>
         <run_address>0xa4c4</run_address>
         <size>0x121</size>
         <input_file_ref idref="fl-2d"/>
      </object_component>
      <object_component id="oc-6c">
         <name>.debug_info</name>
         <load_address>0xa5e5</load_address>
         <run_address>0xa5e5</run_address>
         <size>0x5de</size>
         <input_file_ref idref="fl-2e"/>
      </object_component>
      <object_component id="oc-2d">
         <name>.debug_info</name>
         <load_address>0xabc3</load_address>
         <run_address>0xabc3</run_address>
         <size>0xf5</size>
         <input_file_ref idref="fl-2e"/>
      </object_component>
      <object_component id="oc-28">
         <name>.debug_info</name>
         <load_address>0xacb8</load_address>
         <run_address>0xacb8</run_address>
         <size>0x182</size>
         <input_file_ref idref="fl-2e"/>
      </object_component>
      <object_component id="oc-405">
         <name>.debug_info</name>
         <load_address>0xae3a</load_address>
         <run_address>0xae3a</run_address>
         <size>0x553</size>
         <input_file_ref idref="fl-2f"/>
      </object_component>
      <object_component id="oc-326">
         <name>.debug_info</name>
         <load_address>0xb38d</load_address>
         <run_address>0xb38d</run_address>
         <size>0x1d4</size>
         <input_file_ref idref="fl-2f"/>
      </object_component>
      <object_component id="oc-403">
         <name>.debug_info</name>
         <load_address>0xb561</load_address>
         <run_address>0xb561</run_address>
         <size>0x573</size>
         <input_file_ref idref="fl-30"/>
      </object_component>
      <object_component id="oc-3f7">
         <name>.debug_info</name>
         <load_address>0xbad4</load_address>
         <run_address>0xbad4</run_address>
         <size>0x179</size>
         <input_file_ref idref="fl-30"/>
      </object_component>
      <object_component id="oc-31f">
         <name>.debug_info</name>
         <load_address>0xbc4d</load_address>
         <run_address>0xbc4d</run_address>
         <size>0x251</size>
         <input_file_ref idref="fl-30"/>
      </object_component>
      <object_component id="oc-453">
         <name>.debug_info</name>
         <load_address>0xbe9e</load_address>
         <run_address>0xbe9e</run_address>
         <size>0x553</size>
         <input_file_ref idref="fl-31"/>
      </object_component>
      <object_component id="oc-3fd">
         <name>.debug_info</name>
         <load_address>0xc3f1</load_address>
         <run_address>0xc3f1</run_address>
         <size>0x19e</size>
         <input_file_ref idref="fl-31"/>
      </object_component>
      <object_component id="oc-3f1">
         <name>.debug_info</name>
         <load_address>0xc58f</load_address>
         <run_address>0xc58f</run_address>
         <size>0x18b</size>
         <input_file_ref idref="fl-31"/>
      </object_component>
      <object_component id="oc-44e">
         <name>.debug_info</name>
         <load_address>0xc71a</load_address>
         <run_address>0xc71a</run_address>
         <size>0x39</size>
         <input_file_ref idref="fl-31"/>
      </object_component>
      <object_component id="oc-49f">
         <name>.debug_info</name>
         <load_address>0xc753</load_address>
         <run_address>0xc753</run_address>
         <size>0x2c</size>
         <input_file_ref idref="fl-31"/>
      </object_component>
      <object_component id="oc-e4">
         <name>.debug_info</name>
         <load_address>0xc77f</load_address>
         <run_address>0xc77f</run_address>
         <size>0x563</size>
         <input_file_ref idref="fl-32"/>
      </object_component>
      <object_component id="oc-7e">
         <name>.debug_info</name>
         <load_address>0xcce2</load_address>
         <run_address>0xcce2</run_address>
         <size>0x226</size>
         <input_file_ref idref="fl-32"/>
      </object_component>
      <object_component id="oc-172">
         <name>.debug_info</name>
         <load_address>0xcf08</load_address>
         <run_address>0xcf08</run_address>
         <size>0x7c3</size>
         <input_file_ref idref="fl-33"/>
      </object_component>
      <object_component id="oc-a7">
         <name>.debug_info</name>
         <load_address>0xd6cb</load_address>
         <run_address>0xd6cb</run_address>
         <size>0x1af</size>
         <input_file_ref idref="fl-33"/>
      </object_component>
      <object_component id="oc-23b">
         <name>.debug_info</name>
         <load_address>0xd87a</load_address>
         <run_address>0xd87a</run_address>
         <size>0x39</size>
         <input_file_ref idref="fl-33"/>
      </object_component>
      <object_component id="oc-247">
         <name>.debug_info</name>
         <load_address>0xd8b3</load_address>
         <run_address>0xd8b3</run_address>
         <size>0x39</size>
         <input_file_ref idref="fl-33"/>
      </object_component>
      <object_component id="oc-17d">
         <name>.debug_info</name>
         <load_address>0xd8ec</load_address>
         <run_address>0xd8ec</run_address>
         <size>0x39</size>
         <input_file_ref idref="fl-33"/>
      </object_component>
      <object_component id="oc-240">
         <name>.debug_info</name>
         <load_address>0xd925</load_address>
         <run_address>0xd925</run_address>
         <size>0xcd</size>
         <input_file_ref idref="fl-33"/>
      </object_component>
      <object_component id="oc-65">
         <name>.debug_info</name>
         <load_address>0xd9f2</load_address>
         <run_address>0xd9f2</run_address>
         <size>0x148</size>
         <input_file_ref idref="fl-34"/>
      </object_component>
      <object_component id="oc-169">
         <name>.debug_info</name>
         <load_address>0xdb3a</load_address>
         <run_address>0xdb3a</run_address>
         <size>0x145</size>
         <input_file_ref idref="fl-35"/>
      </object_component>
      <object_component id="oc-3d">
         <name>.debug_info</name>
         <load_address>0xdc7f</load_address>
         <run_address>0xdc7f</run_address>
         <size>0x56c</size>
         <input_file_ref idref="fl-38"/>
      </object_component>
      <object_component id="oc-19">
         <name>.debug_info</name>
         <load_address>0xe1eb</load_address>
         <run_address>0xe1eb</run_address>
         <size>0x1cc</size>
         <input_file_ref idref="fl-38"/>
      </object_component>
      <object_component id="oc-38">
         <name>.debug_info</name>
         <load_address>0xe3b7</load_address>
         <run_address>0xe3b7</run_address>
         <size>0x46</size>
         <input_file_ref idref="fl-38"/>
      </object_component>
      <object_component id="oc-71">
         <name>.debug_info</name>
         <load_address>0xe3fd</load_address>
         <run_address>0xe3fd</run_address>
         <size>0x2c</size>
         <input_file_ref idref="fl-38"/>
      </object_component>
      <object_component id="oc-84">
         <name>.debug_info</name>
         <load_address>0xe429</load_address>
         <run_address>0xe429</run_address>
         <size>0x59d</size>
         <input_file_ref idref="fl-39"/>
      </object_component>
      <object_component id="oc-40">
         <name>.debug_info</name>
         <load_address>0xe9c6</load_address>
         <run_address>0xe9c6</run_address>
         <size>0x254</size>
         <input_file_ref idref="fl-39"/>
      </object_component>
      <object_component id="oc-1f">
         <name>.debug_info</name>
         <load_address>0xec1a</load_address>
         <run_address>0xec1a</run_address>
         <size>0x1b1</size>
         <input_file_ref idref="fl-39"/>
      </object_component>
      <object_component id="oc-45">
         <name>.debug_info</name>
         <load_address>0xedcb</load_address>
         <run_address>0xedcb</run_address>
         <size>0x46</size>
         <input_file_ref idref="fl-39"/>
      </object_component>
      <object_component id="oc-ec">
         <name>.debug_info</name>
         <load_address>0xee11</load_address>
         <run_address>0xee11</run_address>
         <size>0x39</size>
         <input_file_ref idref="fl-39"/>
      </object_component>
      <object_component id="oc-85">
         <name>.debug_info</name>
         <load_address>0xee4a</load_address>
         <run_address>0xee4a</run_address>
         <size>0x2c</size>
         <input_file_ref idref="fl-39"/>
      </object_component>
      <object_component id="oc-41d">
         <name>.debug_info</name>
         <load_address>0xee76</load_address>
         <run_address>0xee76</run_address>
         <size>0x58a</size>
         <input_file_ref idref="fl-3a"/>
      </object_component>
      <object_component id="oc-350">
         <name>.debug_info</name>
         <load_address>0xf400</load_address>
         <run_address>0xf400</run_address>
         <size>0x1e6</size>
         <input_file_ref idref="fl-3a"/>
      </object_component>
      <object_component id="oc-287">
         <name>.debug_info</name>
         <load_address>0xf5e6</load_address>
         <run_address>0xf5e6</run_address>
         <size>0x146</size>
         <input_file_ref idref="fl-3b"/>
      </object_component>
      <object_component id="oc-40d">
         <name>.debug_info</name>
         <load_address>0xf72c</load_address>
         <run_address>0xf72c</run_address>
         <size>0x7f</size>
         <input_file_ref idref="fl-3b"/>
      </object_component>
      <object_component id="oc-4ab">
         <name>.debug_info</name>
         <load_address>0xf7ab</load_address>
         <run_address>0xf7ab</run_address>
         <size>0x53</size>
         <input_file_ref idref="fl-3b"/>
      </object_component>
      <object_component id="oc-465">
         <name>.debug_info</name>
         <load_address>0xf7fe</load_address>
         <run_address>0xf7fe</run_address>
         <size>0x2c</size>
         <input_file_ref idref="fl-3b"/>
      </object_component>
      <object_component id="oc-460">
         <name>.debug_info</name>
         <load_address>0xf82a</load_address>
         <run_address>0xf82a</run_address>
         <size>0x39</size>
         <input_file_ref idref="fl-3b"/>
      </object_component>
[...]
         <name>core</name>
         <value>0xc059458</value>
      </symbol>
      <symbol id="sm-e3">
         <name>Osal_platformSpiCsExit</name>
         <value>0xc05320c</value>
         <object_component_ref idref="oc-91"/>
      </symbol>
      <symbol id="sm-e4">
         <name>Osal_platformSpiCsEnter</name>
         <value>0xc053204</value>
         <object_component_ref idref="oc-91"/>
      </symbol>
      <symbol id="sm-e5">
         <name>waitReplyCore0</name>
         <value>0xc053438</value>
         <object_component_ref idref="oc-91"/>
      </symbol>
      <symbol id="sm-e6">
         <name>Osal_platformMalloc</name>
         <value>0xc0531cc</value>
         <object_component_ref idref="oc-91"/>
      </symbol>
      <symbol id="sm-e7">
         <name>release_core1</name>
         <value>0xc0532d4</value>
         <object_component_ref idref="oc-91"/>
      </symbol>
      <symbol id="sm-e8">
         <name>version</name>
         <value>0xc058f48</value>
         <object_component_ref idref="oc-145"/>
      </symbol>
      <symbol id="sm-e9">
         <name>main</name>
         <value>0xc053530</value>
         <object_component_ref idref="oc-91"/>
      </symbol>
      <symbol id="sm-ea">
         <name>Osal_platformFree</name>
         <value>0xc0531e4</value>
         <object_component_ref idref="oc-91"/>
      </symbol>
      <symbol id="sm-eb">
         <name>handleCore1</name>
         <value>0xc053488</value>
         <object_component_ref idref="oc-91"/>
      </symbol>
      <symbol id="sm-ec">
         <name>write_boot_magic_number</name>
         <value>0xc053268</value>
         <object_component_ref idref="oc-91"/>
      </symbol>
      <symbol id="sm-ed">
         <name>count</name>
         <value>0xc059468</value>
         <object_component_ref idref="oc-134"/>
      </symbol>
      <symbol id="sm-ee">
         <name>write_uart</name>
         <value>0xc053214</value>
         <object_component_ref idref="oc-91"/>
      </symbol>
      <symbol id="sm-ef">
         <name>short_delay</name>
         <value>0xc053294</value>
         <object_component_ref idref="oc-91"/>
      </symbol>
      <symbol id="sm-f0">
         <name>sendFromCore0</name>
         <value>0xc0533a8</value>
         <object_component_ref idref="oc-91"/>
      </symbol>
      <symbol id="sm-f1">
         <name>shared</name>
         <value>0xc059464</value>
         <object_component_ref idref="oc-134"/>
      </symbol>
      <symbol id="sm-119">
         <name>printf</name>
         <value>0xc057600</value>
         <object_component_ref idref="oc-116"/>
      </symbol>
      <symbol id="sm-32c">
         <name>__TI_printfi</name>
         <value>0xc051000</value>
         <object_component_ref idref="oc-1c1"/>
      </symbol>
      <symbol id="sm-350">
         <name>snprintf</name>
         <value>0xc058380</value>
         <object_component_ref idref="oc-110"/>
      </symbol>
      <symbol id="sm-36e">
         <name>sprintf</name>
         <value>0xc058720</value>
         <object_component_ref idref="oc-128"/>
      </symbol>
      <symbol id="sm-38d">
         <name>putc</name>
         <value>0xc055d80</value>
         <object_component_ref idref="oc-2d7"/>
      </symbol>
      <symbol id="sm-38e">
         <name>fputc</name>
         <value>0xc055d80</value>
         <object_component_ref idref="oc-2d7"/>
      </symbol>
      <symbol id="sm-3c2">
         <name>fputs</name>
         <value>0xc054f80</value>
         <object_component_ref idref="oc-2de"/>
      </symbol>
      <symbol id="sm-3d8">
         <name>__TI_wrt_ok</name>
         <value>0xc057280</value>
         <object_component_ref idref="oc-379"/>
      </symbol>
      <symbol id="sm-3f4">
         <name>setvbuf</name>
         <value>0xc0562c0</value>
         <object_component_ref idref="oc-438"/>
      </symbol>
      <symbol id="sm-40e">
         <name>wcslen</name>
         <value>0xc0589a0</value>
         <object_component_ref idref="oc-2ad"/>
      </symbol>
      <symbol id="sm-41c">
         <name>__c6xabi_push_rts</name>
         <value>0xc058a60</value>
         <object_component_ref idref="oc-26c"/>
      </symbol>
      <symbol id="sm-41d">
         <name>__pop_rts</name>
         <value>0xc058a40</value>
         <object_component_ref idref="oc-2b9"/>
      </symbol>
      <symbol id="sm-41e">
         <name>__c6xabi_pop_rts</name>
         <value>0xc058a40</value>
         <object_component_ref idref="oc-2b9"/>
      </symbol>
      <symbol id="sm-41f">
         <name>__push_rts</name>
         <value>0xc058a60</value>
         <object_component_ref idref="oc-26c"/>
      </symbol>
      <symbol id="sm-428">
         <name>__c6xabi_divu</name>
         <value>0xc0579e0</value>
         <object_component_ref idref="oc-1eb"/>
      </symbol>
      <symbol id="sm-429">
         <name>__divu</name>
         <value>0xc0579e0</value>
         <object_component_ref idref="oc-1eb"/>
      </symbol>
      <symbol id="sm-432">
         <name>memcpy</name>
         <value>0xc057f60</value>
         <object_component_ref idref="oc-32"/>
      </symbol>
      <symbol id="sm-448">
         <name>_c_int00</name>
         <value>0xc058200</value>
         <object_component_ref idref="oc-25"/>
      </symbol>
      <symbol id="sm-449">
         <name>_stack</name>
         <value>0xc041000</value>
         <object_component_ref idref="oc-2c"/>
      </symbol>
      <symbol id="sm-45a">
         <name>__c6xabi_divul</name>
         <value>0xc055a00</value>
         <object_component_ref idref="oc-324"/>
      </symbol>
      <symbol id="sm-477">
         <name>_subcull</name>
         <value>0xc0585a0</value>
         <object_component_ref idref="oc-3f6"/>
      </symbol>
      <symbol id="sm-478">
         <name>__c6xabi_divull</name>
         <value>0xc0557c0</value>
         <object_component_ref idref="oc-31e"/>
      </symbol>
      <symbol id="sm-497">
         <name>__c6xabi_llshru</name>
         <value>0xc058540</value>
         <object_component_ref idref="oc-3fc"/>
      </symbol>
      <symbol id="sm-498">
         <name>__c6xabi_llshl</name>
         <value>0xc058180</value>
         <object_component_ref idref="oc-3f0"/>
      </symbol>
      <symbol id="sm-4a8">
         <name>memset</name>
         <value>0xc057520</value>
         <object_component_ref idref="oc-7d"/>
      </symbol>
      <symbol id="sm-4cd">
         <name>__TI_auto_init_nobinit_nopinit</name>
         <value>0xc057860</value>
         <object_component_ref idref="oc-a5"/>
      </symbol>
      <symbol id="sm-4d6">
         <name>_system_pre_init</name>
         <value>0xc058b40</value>
         <object_component_ref idref="oc-62"/>
      </symbol>
      <symbol id="sm-4df">
         <name>_system_post_cinit</name>
         <value>0xc058b20</value>
         <object_component_ref idref="oc-165"/>
      </symbol>
      <symbol id="sm-4f8">
         <name>__TI_decompress_none</name>
         <value>0xc058b80</value>
         <object_component_ref idref="oc-18"/>
      </symbol>
      <symbol id="sm-523">
         <name>__TI_decompress_rle24</name>
         <value>0xc058ba0</value>
         <object_component_ref idref="oc-1e"/>
      </symbol>
      <symbol id="sm-537">
         <name>frexpl</name>
         <value>0xc056620</value>
         <object_component_ref idref="oc-34f"/>
      </symbol>
      <symbol id="sm-538">
         <name>frexp</name>
         <value>0xc056620</value>
         <object_component_ref idref="oc-34f"/>
      </symbol>
      <symbol id="sm-555">
         <name>__c6xabi_isinf</name>
         <value>0xc0587e0</value>
         <object_component_ref idref="oc-283"/>
      </symbol>
      <symbol id="sm-569">
         <name>scalbn</name>
         <value>0xc055f40</value>
         <object_component_ref idref="oc-355"/>
      </symbol>
      <symbol id="sm-56a">
         <name>scalbnl</name>
         <value>0xc055f40</value>
         <object_component_ref idref="oc-355"/>
      </symbol>
      <symbol id="sm-56b">
         <name>ldexpl</name>
         <value>0xc055f40</value>
         <object_component_ref idref="oc-355"/>
      </symbol>
      <symbol id="sm-56c">
         <name>ldexp</name>
         <value>0xc055f40</value>
         <object_component_ref idref="oc-355"/>
      </symbol>
      <symbol id="sm-575">
         <name>_signbit</name>
         <value>0xc058b00</value>
         <object_component_ref idref="oc-289"/>
      </symbol>
      <symbol id="sm-594">
         <name>__c6xabi_divd</name>
         <value>0xc053da0</value>
         <object_component_ref idref="oc-32e"/>
      </symbol>
      <symbol id="sm-5a7">
         <name>__TI_frcmpyd_div</name>
         <value>0xc058480</value>
         <object_component_ref idref="oc-406"/>
      </symbol>
      <symbol id="sm-5c8">
         <name>C$$EXIT</name>
         <value>0xc058b60</value>
         <object_component_ref idref="oc-9c"/>
      </symbol>
      <symbol id="sm-5c9">
         <name>abort</name>
         <value>0xc058b60</value>
         <object_component_ref idref="oc-9c"/>
      </symbol>
      <symbol id="sm-5ca">
         <name>exit</name>
         <value>0xc057440</value>
         <object_component_ref idref="oc-5c"/>
      </symbol>
      <symbol id="sm-5cb">
         <name>__TI_dtors_ptr</name>
         <value>0xc058f3c</value>
         <object_component_ref idref="oc-99"/>
      </symbol>
      <symbol id="sm-5cc">
         <name>__TI_cleanup_ptr</name>
         <value>0xc058f38</value>
         <object_component_ref idref="oc-99"/>
      </symbol>
      <symbol id="sm-5cd">
         <name>__TI_enable_exit_profile_output</name>
         <value>0xc058f40</value>
         <object_component_ref idref="oc-99"/>
      </symbol>
      <symbol id="sm-638">
         <name>_sys_memory</name>
         <value>0xc001000</value>
         <object_component_ref idref="oc-2f"/>
      </symbol>
      <symbol id="sm-639">
         <name>free</name>
         <value>0xc054bc0</value>
         <object_component_ref idref="oc-f8"/>
      </symbol>
      <symbol id="sm-63a">
         <name>malloc</name>
         <value>0xc056100</value>
         <object_component_ref idref="oc-f2"/>
      </symbol>
      <symbol id="sm-650">
         <name>_nop</name>
         <value>0xc058a80</value>
         <object_component_ref idref="oc-24c"/>
      </symbol>
      <symbol id="sm-651">
         <name>_lock</name>
         <value>0xc058f44</value>
         <object_component_ref idref="oc-189"/>
      </symbol>
      <symbol id="sm-652">
         <name>_unlock</name>
         <value>0xc058f5c</value>
         <object_component_ref idref="oc-18f"/>
      </symbol>
      <symbol id="sm-662">
         <name>__TI_ltoa</name>
         <value>0xc0571a0</value>
         <object_component_ref idref="oc-334"/>
      </symbol>
      <symbol id="sm-674">
         <name>_args_main</name>
         <value>0xc058860</value>
         <object_component_ref idref="oc-56"/>
      </symbol>
      <symbol id="sm-688">
         <name>atoi</name>
         <value>0xc056d00</value>
         <object_component_ref idref="oc-271"/>
      </symbol>
      <symbol id="sm-692">
         <name>_ctypes_</name>
         <value>0xc058f68</value>
         <object_component_ref idref="oc-319"/>
      </symbol>
      <symbol id="sm-6a2">
         <name>__TI_tmpnams</name>
         <value>0xc0591b8</value>
      </symbol>
      <symbol id="sm-6a3">
         <name>_ftable</name>
         <value>0xc058c40</value>
         <object_component_ref idref="oc-1d3"/>
      </symbol>
      <symbol id="sm-6a4">
         <name>__TI_ft_end</name>
         <value>0xc058f60</value>
         <object_component_ref idref="oc-4b4"/>
      </symbol>
      <symbol id="sm-6b5">
         <name>memccpy</name>
         <value>0xc058660</value>
         <object_component_ref idref="oc-2a7"/>
      </symbol>
      <symbol id="sm-6c4">
         <name>strlen</name>
         <value>0xc058960</value>
         <object_component_ref idref="oc-fe"/>
      </symbol>
      <symbol id="sm-6e7">
         <name>_stream</name>
         <value>0xc058e20</value>
         <object_component_ref idref="oc-442"/>
      </symbol>
      <symbol id="sm-6e8">
         <name>_device</name>
         <value>0xc058ec0</value>
         <object_component_ref idref="oc-48e"/>
      </symbol>
      <symbol id="sm-6e9">
         <name>write</name>
         <value>0xc058780</value>
         <object_component_ref idref="oc-385"/>
      </symbol>
      <symbol id="sm-702">
         <name>__TI_tls_init</name>
         <value>0xc057c20</value>
         <object_component_ref idref="oc-16b"/>
      </symbol>
      <symbol id="sm-713">
         <name>__errno</name>
         <value>0xc058f64</value>
         <object_component_ref idref="oc-365"/>
      </symbol>
      <symbol id="sm-714">
         <name>errno</name>
         <value>0xc058f64</value>
         <object_component_ref idref="oc-365"/>
      </symbol>
      <symbol id="sm-715">
         <name>__c6xabi_errno_addr</name>
         <value>0xc058a20</value>
         <object_component_ref idref="oc-2b3"/>
      </symbol>
      <symbol id="sm-725">
         <name>__TI_doflush</name>
         <value>0xc057920</value>
         <object_component_ref idref="oc-37f"/>
      </symbol>
      <symbol id="sm-733">
         <name>__TI_cleanup</name>
         <value>0xc057d80</value>
         <object_component_ref idref="oc-47d"/>
      </symbol>
      <symbol id="sm-74b">
         <name>fseek</name>
         <value>0xc056e00</value>
         <object_component_ref idref="oc-432"/>
      </symbol>
      <symbol id="sm-75b">
         <name>lseek</name>
         <value>0xc058600</value>
         <object_component_ref idref="oc-475"/>
      </symbol>
      <symbol id="sm-76c">
         <name>HOSTclose</name>
         <value>0xc057ce0</value>
         <object_component_ref idref="oc-4c6"/>
      </symbol>
      <symbol id="sm-77c">
         <name>HOSTlseek</name>
         <value>0xc056f00</value>
         <object_component_ref idref="oc-4d8"/>
      </symbol>
      <symbol id="sm-790">
         <name>parmbuf</name>
         <value>0xc0592f8</value>
      </symbol>
      <symbol id="sm-791">
         <name>HOSTopen</name>
         <value>0xc056fe0</value>
         <object_component_ref idref="oc-4c0"/>
      </symbol>
      <symbol id="sm-7a1">
         <name>HOSTread</name>
         <value>0xc0576e0</value>
         <object_component_ref idref="oc-4cc"/>
      </symbol>
      <symbol id="sm-7bf">
         <name>HOSTrename</name>
         <value>0xc056480</value>
         <object_component_ref idref="oc-4e4"/>
      </symbol>
      <symbol id="sm-7d2">
         <name>HOSTunlink</name>
         <value>0xc0577a0</value>
         <object_component_ref idref="oc-4de"/>
      </symbol>
      <symbol id="sm-7e2">
         <name>HOSTwrite</name>
         <value>0xc0570c0</value>
         <object_component_ref idref="oc-4d2"/>
      </symbol>
      <symbol id="sm-808">
         <name>__TI_readmsg</name>
         <value>0xc058100</value>
         <object_component_ref idref="oc-508"/>
      </symbol>
      <symbol id="sm-809">
         <name>C$$IO$$</name>
         <value>0xc058538</value>
         <object_component_ref idref="oc-502"/>
      </symbol>
      <symbol id="sm-80a">
         <name>__CIOBUF_</name>
         <value>0xc059300</value>
         <object_component_ref idref="oc-529"/>
      </symbol>
      <symbol id="sm-80b">
         <name>__TI_writemsg</name>
         <value>0xc0584e0</value>
         <object_component_ref idref="oc-502"/>
      </symbol>
      <symbol id="sm-824">
         <name>__TI_closefile</name>
         <value>0xc056a00</value>
         <object_component_ref idref="oc-4b7"/>
      </symbol>
      <symbol id="sm-84e">
         <name>finddevice</name>
         <value>0xc057ec0</value>
         <object_component_ref idref="oc-53d"/>
      </symbol>
      <symbol id="sm-84f">
         <name>getdevice</name>
         <value>0xc0568e0</value>
         <object_component_ref idref="oc-51d"/>
      </symbol>
      <symbol id="sm-861">
         <name>close</name>
         <value>0xc057360</value>
         <object_component_ref idref="oc-4f0"/>
      </symbol>
      <symbol id="sm-872">
         <name>unlink</name>
         <value>0xc058400</value>
         <object_component_ref idref="oc-4f6"/>
      </symbol>
      <symbol id="sm-93d">
         <name>platform_delay</name>
         <value>0xc058300</value>
         <object_component_ref idref="oc-12e"/>
      </symbol>
      <symbol id="sm-93e">
         <name>platform_uart_write</name>
         <value>0xc058c20</value>
         <object_component_ref idref="oc-104"/>
      </symbol>
      <symbol id="sm-93f">
         <name>platform_uart_init</name>
         <value>0xc058c00</value>
         <object_component_ref idref="oc-11c"/>
      </symbol>
      <symbol id="sm-940">
         <name>platform_get_coreid</name>
         <value>0xc058bc0</value>
         <object_component_ref idref="oc-10a"/>
      </symbol>
      <symbol id="sm-941">
         <name>gDeviceEeprom1</name>
         <value>0xe000c4</value>
         <object_component_ref idref="oc-205"/>
      </symbol>
      <symbol id="sm-942">
         <name>gDeviceEeprom0</name>
         <value>0xe0008c</value>
         <object_component_ref idref="oc-205"/>
      </symbol>
      <symbol id="sm-943">
         <name>platform_delaycycles</name>
         <value>0xc0586c0</value>
         <object_component_ref idref="oc-25d"/>
      </symbol>
      <symbol id="sm-944">
         <name>platform_uart_set_baudrate</name>
         <value>0xc058920</value>
         <object_component_ref idref="oc-122"/>
      </symbol>
      <symbol id="sm-945">
         <name>gDeviceNand</name>
         <value>0xe0001c</value>
         <object_component_ref idref="oc-205"/>
      </symbol>
      <symbol id="sm-946">
         <name>emac_port_mode</name>
         <value>0xe00100</value>
         <object_component_ref idref="oc-205"/>
      </symbol>
      <symbol id="sm-947">
         <name>platform_get_emac_start_evt_id</name>
         <value>0xc058be0</value>
         <object_component_ref idref="oc-13b"/>
      </symbol>
      <symbol id="sm-948">
         <name>gDeviceNor</name>
         <value>0xe00054</value>
         <object_component_ref idref="oc-205"/>
      </symbol>
      <symbol id="sm-96a">
         <name>UartWriteData</name>
         <value>0xc058080</value>
         <object_component_ref idref="oc-1a2"/>
      </symbol>
      <symbol id="sm-96b">
         <name>UartSetBaudRate</name>
         <value>0xc058000</value>
         <object_component_ref idref="oc-1f0"/>
      </symbol>
      <symbol id="sm-96c">
         <name>UartInit</name>
         <value>0xc0547e0</value>
         <object_component_ref idref="oc-1e4"/>
      </symbol>
      <symbol id="sm-96f">
         <name>__TI_STATIC_BASE</name>
         <value>0xc059458</value>
      </symbol>
      <symbol id="sm-971">
         <name>__TI_TLS_INIT_Base</name>
         <value>0x0</value>
      </symbol>
      <symbol id="sm-972">
         <name>__TI_TLS_INIT_Limit</name>
         <value>0x0</value>
      </symbol>
      <symbol id="sm-973">
         <name>remove</name>
         <value>0xc058400</value>
      </symbol>
   </symbol_table>
   <title>Link successful</title>
</link_info>
